1741906223.945745 client started (13217): version 3.5a, socket /private/tmp/tmux-501/default, protocol 8
1741906223.945787 on Darwin 24.3.0 Darwin Kernel Version 24.3.0: Thu Jan  2 20:24:16 PST 2025; root:xnu-11215.81.4~3/RELEASE_ARM64_T6000
1741906223.945800 using libevent 2.1.12-stable select
1741906223.946149 using utf8proc 2.9.0
1741906223.946157 using ncurses 6.5 20240427
1741906223.946174 flags are 0x10010000
1741906223.946179 socket is /private/tmp/tmux-501/default
1741906223.946187 trying connect
1741906223.946225 add peer 0x128008000: 6 (0x0)
1741906223.947540 sending message 111 to peer 0x128008000 (8 bytes)
1741906223.947548 sending message 111 to peer 0x128008000 (8 bytes)
1741906223.947553 sending message 101 to peer 0x128008000 (15 bytes)
1741906223.947557 sending message 109 to peer 0x128008000 (4 bytes)
1741906223.947564 sending message 102 to peer 0x128008000 (13 bytes)
1741906223.947568 sending message 108 to peer 0x128008000 (28 bytes)
1741906223.947573 sending message 112 to peer 0x128008000 (58 bytes)
1741906223.947577 sending message 112 to peer 0x128008000 (5 bytes)
1741906223.947581 sending message 112 to peer 0x128008000 (5 bytes)
1741906223.947585 sending message 112 to peer 0x128008000 (6 bytes)
1741906223.947589 sending message 112 to peer 0x128008000 (6 bytes)
1741906223.947593 sending message 112 to peer 0x128008000 (11 bytes)
1741906223.947597 sending message 112 to peer 0x128008000 (10 bytes)
1741906223.947601 sending message 112 to peer 0x128008000 (13 bytes)
1741906223.947605 sending message 112 to peer 0x128008000 (14 bytes)
1741906223.947609 sending message 112 to peer 0x128008000 (19 bytes)
1741906223.947613 sending message 112 to peer 0x128008000 (11 bytes)
1741906223.947617 sending message 112 to peer 0x128008000 (10 bytes)
1741906223.947621 sending message 112 to peer 0x128008000 (15 bytes)
1741906223.947625 sending message 112 to peer 0x128008000 (21 bytes)
1741906223.947629 sending message 112 to peer 0x128008000 (13 bytes)
1741906223.947633 sending message 112 to peer 0x128008000 (7 bytes)
1741906223.947637 sending message 112 to peer 0x128008000 (13 bytes)
1741906223.947641 sending message 112 to peer 0x128008000 (7 bytes)
1741906223.947645 sending message 112 to peer 0x128008000 (13 bytes)
1741906223.947649 sending message 112 to peer 0x128008000 (9 bytes)
1741906223.947653 sending message 112 to peer 0x128008000 (21 bytes)
1741906223.947657 sending message 112 to peer 0x128008000 (13 bytes)
1741906223.947661 sending message 112 to peer 0x128008000 (9 bytes)
1741906223.947665 sending message 112 to peer 0x128008000 (16 bytes)
1741906223.947669 sending message 112 to peer 0x128008000 (13 bytes)
1741906223.947673 sending message 112 to peer 0x128008000 (9 bytes)
1741906223.947677 sending message 112 to peer 0x128008000 (9 bytes)
1741906223.947681 sending message 112 to peer 0x128008000 (12 bytes)
1741906223.947685 sending message 112 to peer 0x128008000 (8 bytes)
1741906223.947689 sending message 112 to peer 0x128008000 (8 bytes)
1741906223.947693 sending message 112 to peer 0x128008000 (13 bytes)
1741906223.947697 sending message 112 to peer 0x128008000 (7 bytes)
1741906223.947701 sending message 112 to peer 0x128008000 (7 bytes)
1741906223.947705 sending message 112 to peer 0x128008000 (9 bytes)
1741906223.947709 sending message 112 to peer 0x128008000 (9 bytes)
1741906223.947713 sending message 112 to peer 0x128008000 (15 bytes)
1741906223.947717 sending message 112 to peer 0x128008000 (13 bytes)
1741906223.947721 sending message 112 to peer 0x128008000 (12 bytes)
1741906223.947725 sending message 112 to peer 0x128008000 (8 bytes)
1741906223.947729 sending message 112 to peer 0x128008000 (14 bytes)
1741906223.947733 sending message 112 to peer 0x128008000 (11 bytes)
1741906223.947737 sending message 112 to peer 0x128008000 (9 bytes)
1741906223.947741 sending message 112 to peer 0x128008000 (10 bytes)
1741906223.947745 sending message 112 to peer 0x128008000 (10 bytes)
1741906223.947749 sending message 112 to peer 0x128008000 (10 bytes)
1741906223.947753 sending message 112 to peer 0x128008000 (10 bytes)
1741906223.947763 sending message 112 to peer 0x128008000 (11 bytes)
1741906223.947766 sending message 112 to peer 0x128008000 (12 bytes)
1741906223.947769 sending message 112 to peer 0x128008000 (12 bytes)
1741906223.947772 sending message 112 to peer 0x128008000 (12 bytes)
1741906223.947775 sending message 112 to peer 0x128008000 (12 bytes)
1741906223.947778 sending message 112 to peer 0x128008000 (12 bytes)
1741906223.947781 sending message 112 to peer 0x128008000 (11 bytes)
1741906223.947784 sending message 112 to peer 0x128008000 (11 bytes)
1741906223.947786 sending message 112 to peer 0x128008000 (12 bytes)
1741906223.947789 sending message 112 to peer 0x128008000 (12 bytes)
1741906223.947792 sending message 112 to peer 0x128008000 (12 bytes)
1741906223.947795 sending message 112 to peer 0x128008000 (12 bytes)
1741906223.947798 sending message 112 to peer 0x128008000 (12 bytes)
1741906223.947801 sending message 112 to peer 0x128008000 (9 bytes)
1741906223.947804 sending message 112 to peer 0x128008000 (12 bytes)
1741906223.947807 sending message 112 to peer 0x128008000 (13 bytes)
1741906223.947809 sending message 112 to peer 0x128008000 (13 bytes)
1741906223.947812 sending message 112 to peer 0x128008000 (13 bytes)
1741906223.947815 sending message 112 to peer 0x128008000 (13 bytes)
1741906223.947818 sending message 112 to peer 0x128008000 (13 bytes)
1741906223.947821 sending message 112 to peer 0x128008000 (8 bytes)
1741906223.947824 sending message 112 to peer 0x128008000 (11 bytes)
1741906223.947827 sending message 112 to peer 0x128008000 (11 bytes)
1741906223.947829 sending message 112 to peer 0x128008000 (11 bytes)
1741906223.947832 sending message 112 to peer 0x128008000 (12 bytes)
1741906223.947835 sending message 112 to peer 0x128008000 (12 bytes)
1741906223.947838 sending message 112 to peer 0x128008000 (12 bytes)
1741906223.947841 sending message 112 to peer 0x128008000 (12 bytes)
1741906223.947844 sending message 112 to peer 0x128008000 (13 bytes)
1741906223.947847 sending message 112 to peer 0x128008000 (13 bytes)
1741906223.947849 sending message 112 to peer 0x128008000 (13 bytes)
1741906223.947852 sending message 112 to peer 0x128008000 (8 bytes)
1741906223.947855 sending message 112 to peer 0x128008000 (13 bytes)
1741906223.947858 sending message 112 to peer 0x128008000 (13 bytes)
1741906223.947861 sending message 112 to peer 0x128008000 (13 bytes)
1741906223.947864 sending message 112 to peer 0x128008000 (13 bytes)
1741906223.947867 sending message 112 to peer 0x128008000 (13 bytes)
1741906223.947870 sending message 112 to peer 0x128008000 (12 bytes)
1741906223.947872 sending message 112 to peer 0x128008000 (12 bytes)
1741906223.947875 sending message 112 to peer 0x128008000 (12 bytes)
1741906223.947878 sending message 112 to peer 0x128008000 (12 bytes)
1741906223.947881 sending message 112 to peer 0x128008000 (13 bytes)
1741906223.947884 sending message 112 to peer 0x128008000 (8 bytes)
1741906223.947887 sending message 112 to peer 0x128008000 (13 bytes)
1741906223.947889 sending message 112 to peer 0x128008000 (13 bytes)
1741906223.947892 sending message 112 to peer 0x128008000 (13 bytes)
1741906223.947895 sending message 112 to peer 0x128008000 (13 bytes)
1741906223.947898 sending message 112 to peer 0x128008000 (13 bytes)
1741906223.947901 sending message 112 to peer 0x128008000 (13 bytes)
1741906223.947904 sending message 112 to peer 0x128008000 (13 bytes)
1741906223.947907 sending message 112 to peer 0x128008000 (12 bytes)
1741906223.947909 sending message 112 to peer 0x128008000 (12 bytes)
1741906223.947912 sending message 112 to peer 0x128008000 (12 bytes)
1741906223.947915 sending message 112 to peer 0x128008000 (8 bytes)
1741906223.947918 sending message 112 to peer 0x128008000 (12 bytes)
1741906223.947921 sending message 112 to peer 0x128008000 (13 bytes)
1741906223.947924 sending message 112 to peer 0x128008000 (13 bytes)
1741906223.947927 sending message 112 to peer 0x128008000 (13 bytes)
1741906223.947929 sending message 112 to peer 0x128008000 (13 bytes)
1741906223.947932 sending message 112 to peer 0x128008000 (13 bytes)
1741906223.947940 sending message 112 to peer 0x128008000 (13 bytes)
1741906223.947943 sending message 112 to peer 0x128008000 (13 bytes)
1741906223.947946 sending message 112 to peer 0x128008000 (13 bytes)
1741906223.947949 sending message 112 to peer 0x128008000 (12 bytes)
1741906223.947952 sending message 112 to peer 0x128008000 (10 bytes)
1741906223.947955 sending message 112 to peer 0x128008000 (12 bytes)
1741906223.947958 sending message 112 to peer 0x128008000 (12 bytes)
1741906223.947961 sending message 112 to peer 0x128008000 (12 bytes)
1741906223.947963 sending message 112 to peer 0x128008000 (13 bytes)
1741906223.947966 sending message 112 to peer 0x128008000 (13 bytes)
1741906223.947969 sending message 112 to peer 0x128008000 (13 bytes)
1741906223.947972 sending message 112 to peer 0x128008000 (13 bytes)
1741906223.947975 sending message 112 to peer 0x128008000 (13 bytes)
1741906223.947978 sending message 112 to peer 0x128008000 (13 bytes)
1741906223.947981 sending message 112 to peer 0x128008000 (13 bytes)
1741906223.947983 sending message 112 to peer 0x128008000 (10 bytes)
1741906223.947986 sending message 112 to peer 0x128008000 (13 bytes)
1741906223.947989 sending message 112 to peer 0x128008000 (12 bytes)
1741906223.947992 sending message 112 to peer 0x128008000 (12 bytes)
1741906223.947995 sending message 112 to peer 0x128008000 (12 bytes)
1741906223.947998 sending message 112 to peer 0x128008000 (10 bytes)
1741906223.948001 sending message 112 to peer 0x128008000 (10 bytes)
1741906223.948004 sending message 112 to peer 0x128008000 (10 bytes)
1741906223.948006 sending message 112 to peer 0x128008000 (12 bytes)
1741906223.948009 sending message 112 to peer 0x128008000 (13 bytes)
1741906223.948012 sending message 112 to peer 0x128008000 (13 bytes)
1741906223.948015 sending message 112 to peer 0x128008000 (13 bytes)
1741906223.948018 sending message 112 to peer 0x128008000 (13 bytes)
1741906223.948021 sending message 112 to peer 0x128008000 (13 bytes)
1741906223.948023 sending message 112 to peer 0x128008000 (10 bytes)
1741906223.948026 sending message 112 to peer 0x128008000 (11 bytes)
1741906223.948029 sending message 112 to peer 0x128008000 (12 bytes)
1741906223.948032 sending message 112 to peer 0x128008000 (12 bytes)
1741906223.948035 sending message 112 to peer 0x128008000 (12 bytes)
1741906223.948038 sending message 112 to peer 0x128008000 (12 bytes)
1741906223.948041 sending message 112 to peer 0x128008000 (12 bytes)
1741906223.948043 sending message 112 to peer 0x128008000 (11 bytes)
1741906223.948046 sending message 112 to peer 0x128008000 (12 bytes)
1741906223.948049 sending message 112 to peer 0x128008000 (12 bytes)
1741906223.948052 sending message 112 to peer 0x128008000 (13 bytes)
1741906223.948055 sending message 112 to peer 0x128008000 (13 bytes)
1741906223.948058 sending message 112 to peer 0x128008000 (13 bytes)
1741906223.948060 sending message 112 to peer 0x128008000 (13 bytes)
1741906223.948063 sending message 112 to peer 0x128008000 (13 bytes)
1741906223.948066 sending message 112 to peer 0x128008000 (10 bytes)
1741906223.948069 sending message 112 to peer 0x128008000 (9 bytes)
1741906223.948072 sending message 112 to peer 0x128008000 (12 bytes)
1741906223.948075 sending message 112 to peer 0x128008000 (13 bytes)
1741906223.948078 sending message 112 to peer 0x128008000 (13 bytes)
1741906223.948081 sending message 112 to peer 0x128008000 (13 bytes)
1741906223.948083 sending message 112 to peer 0x128008000 (13 bytes)
1741906223.948086 sending message 112 to peer 0x128008000 (13 bytes)
1741906223.948089 sending message 112 to peer 0x128008000 (9 bytes)
1741906223.948092 sending message 112 to peer 0x128008000 (12 bytes)
1741906223.948095 sending message 112 to peer 0x128008000 (13 bytes)
1741906223.948098 sending message 112 to peer 0x128008000 (13 bytes)
1741906223.948100 sending message 112 to peer 0x128008000 (13 bytes)
1741906223.948103 sending message 112 to peer 0x128008000 (13 bytes)
1741906223.948106 sending message 112 to peer 0x128008000 (13 bytes)
1741906223.948113 sending message 112 to peer 0x128008000 (11 bytes)
1741906223.948116 sending message 112 to peer 0x128008000 (12 bytes)
1741906223.948119 sending message 112 to peer 0x128008000 (13 bytes)
1741906223.948122 sending message 112 to peer 0x128008000 (13 bytes)
1741906223.948125 sending message 112 to peer 0x128008000 (13 bytes)
1741906223.948128 sending message 112 to peer 0x128008000 (13 bytes)
1741906223.948131 sending message 112 to peer 0x128008000 (13 bytes)
1741906223.948133 sending message 112 to peer 0x128008000 (11 bytes)
1741906223.948136 sending message 112 to peer 0x128008000 (12 bytes)
1741906223.948139 sending message 112 to peer 0x128008000 (12 bytes)
1741906223.948142 sending message 112 to peer 0x128008000 (12 bytes)
1741906223.948145 sending message 112 to peer 0x128008000 (12 bytes)
1741906223.948148 sending message 112 to peer 0x128008000 (12 bytes)
1741906223.948151 sending message 112 to peer 0x128008000 (21 bytes)
1741906223.948153 sending message 112 to peer 0x128008000 (12 bytes)
1741906223.948156 sending message 112 to peer 0x128008000 (9 bytes)
1741906223.948159 sending message 112 to peer 0x128008000 (6 bytes)
1741906223.948162 sending message 112 to peer 0x128008000 (13 bytes)
1741906223.948165 sending message 112 to peer 0x128008000 (10 bytes)
1741906223.948168 sending message 112 to peer 0x128008000 (24 bytes)
1741906223.948171 sending message 112 to peer 0x128008000 (13 bytes)
1741906223.948174 sending message 112 to peer 0x128008000 (9 bytes)
1741906223.948177 sending message 112 to peer 0x128008000 (70 bytes)
1741906223.948179 sending message 112 to peer 0x128008000 (69 bytes)
1741906223.948182 sending message 112 to peer 0x128008000 (12 bytes)
1741906223.948185 sending message 112 to peer 0x128008000 (10 bytes)
1741906223.948188 sending message 112 to peer 0x128008000 (10 bytes)
1741906223.948191 sending message 112 to peer 0x128008000 (24 bytes)
1741906223.948194 sending message 112 to peer 0x128008000 (13 bytes)
1741906223.948197 sending message 112 to peer 0x128008000 (10 bytes)
1741906223.948199 sending message 112 to peer 0x128008000 (10 bytes)
1741906223.948202 sending message 112 to peer 0x128008000 (10 bytes)
1741906223.948205 sending message 112 to peer 0x128008000 (13 bytes)
1741906223.948208 sending message 112 to peer 0x128008000 (15 bytes)
1741906223.948211 sending message 112 to peer 0x128008000 (5 bytes)
1741906223.948215 sending message 104 to peer 0x128008000 (0 bytes)
1741906223.948218 sending message 110 to peer 0x128008000 (0 bytes)
1741906223.948221 sending message 107 to peer 0x128008000 (4 bytes)
1741906223.948224 sending message 105 to peer 0x128008000 (83 bytes)
1741906223.948227 sending message 105 to peer 0x128008000 (87 bytes)
1741906223.948230 sending message 105 to peer 0x128008000 (31 bytes)
1741906223.948233 sending message 105 to peer 0x128008000 (20 bytes)
1741906223.948236 sending message 105 to peer 0x128008000 (22 bytes)
1741906223.948239 sending message 105 to peer 0x128008000 (20 bytes)
1741906223.948241 sending message 105 to peer 0x128008000 (37 bytes)
1741906223.948244 sending message 105 to peer 0x128008000 (30 bytes)
1741906223.948247 sending message 105 to peer 0x128008000 (34 bytes)
1741906223.948250 sending message 105 to peer 0x128008000 (35 bytes)
1741906223.948253 sending message 105 to peer 0x128008000 (15 bytes)
1741906223.948256 sending message 105 to peer 0x128008000 (8 bytes)
1741906223.948259 sending message 105 to peer 0x128008000 (16 bytes)
1741906223.948261 sending message 105 to peer 0x128008000 (32 bytes)
1741906223.948264 sending message 105 to peer 0x128008000 (96 bytes)
1741906223.948267 sending message 105 to peer 0x128008000 (16 bytes)
1741906223.948270 sending message 105 to peer 0x128008000 (25 bytes)
1741906223.948273 sending message 105 to peer 0x128008000 (35 bytes)
1741906223.948276 sending message 105 to peer 0x128008000 (11 bytes)
1741906223.948279 sending message 105 to peer 0x128008000 (1448 bytes)
1741906223.948282 sending message 105 to peer 0x128008000 (32 bytes)
1741906223.948291 sending message 105 to peer 0x128008000 (15 bytes)
1741906223.948294 sending message 105 to peer 0x128008000 (8 bytes)
1741906223.948297 sending message 105 to peer 0x128008000 (66 bytes)
1741906223.948300 sending message 105 to peer 0x128008000 (20 bytes)
1741906223.948303 sending message 105 to peer 0x128008000 (18 bytes)
1741906223.948305 sending message 105 to peer 0x128008000 (26 bytes)
1741906223.948308 sending message 105 to peer 0x128008000 (57 bytes)
1741906223.948311 sending message 105 to peer 0x128008000 (43 bytes)
1741906223.948314 sending message 105 to peer 0x128008000 (13 bytes)
1741906223.948317 sending message 105 to peer 0x128008000 (55 bytes)
1741906223.948320 sending message 105 to peer 0x128008000 (13 bytes)
1741906223.948323 sending message 105 to peer 0x128008000 (12 bytes)
1741906223.948326 sending message 105 to peer 0x128008000 (20 bytes)
1741906223.948329 sending message 105 to peer 0x128008000 (14 bytes)
1741906223.948331 sending message 105 to peer 0x128008000 (19 bytes)
1741906223.948334 sending message 105 to peer 0x128008000 (30 bytes)
1741906223.948337 sending message 105 to peer 0x128008000 (35 bytes)
1741906223.948340 sending message 105 to peer 0x128008000 (33 bytes)
1741906223.948345 sending message 105 to peer 0x128008000 (17 bytes)
1741906223.948348 sending message 105 to peer 0x128008000 (25 bytes)
1741906223.948351 sending message 106 to peer 0x128008000 (0 bytes)
1741906223.948399 sending message 200 to peer 0x128008000 (4 bytes)
1741906223.948403 client loop enter
1741906223.948754 peer 0x128008000 message 303
1741906223.948763 open write file 2 -
1741906223.948770 sending message 305 to peer 0x128008000 (8 bytes)
1741906223.948780 write check file 2
1741906223.948842 peer 0x128008000 message 304
1741906223.948852 write 58 to file 2
1741906223.948868 peer 0x128008000 message 203
1741906223.948876 file 2 58 bytes left
1741906223.948886 write check file 2
1741906223.948890 client loop exit
