1741906230.362901 client started (13396): version 3.5a, socket /private/tmp/tmux-501/default, protocol 8
1741906230.362934 on Darwin 24.3.0 Darwin Kernel Version 24.3.0: Thu Jan  2 20:24:16 PST 2025; root:xnu-11215.81.4~3/RELEASE_ARM64_T6000
1741906230.362941 using libevent 2.1.12-stable select
1741906230.362946 using utf8proc 2.9.0
1741906230.362950 using ncurses 6.5 20240427
1741906230.362959 flags are 0x18010000
1741906230.362963 socket is /private/tmp/tmux-501/default
1741906230.362970 trying connect
1741906230.362998 add peer 0x158048000: 6 (0x0)
1741906230.364852 sending message 111 to peer 0x158048000 (8 bytes)
1741906230.364865 sending message 111 to peer 0x158048000 (8 bytes)
1741906230.364873 sending message 101 to peer 0x158048000 (15 bytes)
1741906230.364881 sending message 109 to peer 0x158048000 (4 bytes)
1741906230.364888 sending message 102 to peer 0x158048000 (13 bytes)
1741906230.364895 sending message 108 to peer 0x158048000 (28 bytes)
1741906230.364902 sending message 112 to peer 0x158048000 (58 bytes)
1741906230.364909 sending message 112 to peer 0x158048000 (5 bytes)
1741906230.364917 sending message 112 to peer 0x158048000 (5 bytes)
1741906230.364924 sending message 112 to peer 0x158048000 (6 bytes)
1741906230.364930 sending message 112 to peer 0x158048000 (6 bytes)
1741906230.364937 sending message 112 to peer 0x158048000 (11 bytes)
1741906230.364944 sending message 112 to peer 0x158048000 (10 bytes)
1741906230.364951 sending message 112 to peer 0x158048000 (13 bytes)
1741906230.364958 sending message 112 to peer 0x158048000 (14 bytes)
1741906230.364965 sending message 112 to peer 0x158048000 (19 bytes)
1741906230.364972 sending message 112 to peer 0x158048000 (11 bytes)
1741906230.364979 sending message 112 to peer 0x158048000 (10 bytes)
1741906230.364986 sending message 112 to peer 0x158048000 (15 bytes)
1741906230.364993 sending message 112 to peer 0x158048000 (21 bytes)
1741906230.364999 sending message 112 to peer 0x158048000 (13 bytes)
1741906230.365007 sending message 112 to peer 0x158048000 (7 bytes)
1741906230.365014 sending message 112 to peer 0x158048000 (13 bytes)
1741906230.365021 sending message 112 to peer 0x158048000 (7 bytes)
1741906230.365028 sending message 112 to peer 0x158048000 (13 bytes)
1741906230.365035 sending message 112 to peer 0x158048000 (9 bytes)
1741906230.365041 sending message 112 to peer 0x158048000 (21 bytes)
1741906230.365047 sending message 112 to peer 0x158048000 (13 bytes)
1741906230.365053 sending message 112 to peer 0x158048000 (9 bytes)
1741906230.365059 sending message 112 to peer 0x158048000 (16 bytes)
1741906230.365067 sending message 112 to peer 0x158048000 (13 bytes)
1741906230.365073 sending message 112 to peer 0x158048000 (9 bytes)
1741906230.365081 sending message 112 to peer 0x158048000 (9 bytes)
1741906230.365087 sending message 112 to peer 0x158048000 (12 bytes)
1741906230.365093 sending message 112 to peer 0x158048000 (8 bytes)
1741906230.365098 sending message 112 to peer 0x158048000 (8 bytes)
1741906230.365105 sending message 112 to peer 0x158048000 (13 bytes)
1741906230.365112 sending message 112 to peer 0x158048000 (7 bytes)
1741906230.365118 sending message 112 to peer 0x158048000 (7 bytes)
1741906230.365128 sending message 112 to peer 0x158048000 (9 bytes)
1741906230.365134 sending message 112 to peer 0x158048000 (9 bytes)
1741906230.365139 sending message 112 to peer 0x158048000 (15 bytes)
1741906230.365146 sending message 112 to peer 0x158048000 (13 bytes)
1741906230.365153 sending message 112 to peer 0x158048000 (12 bytes)
1741906230.365159 sending message 112 to peer 0x158048000 (8 bytes)
1741906230.365165 sending message 112 to peer 0x158048000 (14 bytes)
1741906230.365171 sending message 112 to peer 0x158048000 (11 bytes)
1741906230.365177 sending message 112 to peer 0x158048000 (9 bytes)
1741906230.365182 sending message 112 to peer 0x158048000 (10 bytes)
1741906230.365188 sending message 112 to peer 0x158048000 (10 bytes)
1741906230.365194 sending message 112 to peer 0x158048000 (10 bytes)
1741906230.365200 sending message 112 to peer 0x158048000 (10 bytes)
1741906230.365215 sending message 112 to peer 0x158048000 (11 bytes)
1741906230.365219 sending message 112 to peer 0x158048000 (12 bytes)
1741906230.365223 sending message 112 to peer 0x158048000 (12 bytes)
1741906230.365227 sending message 112 to peer 0x158048000 (12 bytes)
1741906230.365231 sending message 112 to peer 0x158048000 (12 bytes)
1741906230.365236 sending message 112 to peer 0x158048000 (12 bytes)
1741906230.365240 sending message 112 to peer 0x158048000 (11 bytes)
1741906230.365244 sending message 112 to peer 0x158048000 (11 bytes)
1741906230.365248 sending message 112 to peer 0x158048000 (12 bytes)
1741906230.365252 sending message 112 to peer 0x158048000 (12 bytes)
1741906230.365257 sending message 112 to peer 0x158048000 (12 bytes)
1741906230.365261 sending message 112 to peer 0x158048000 (12 bytes)
1741906230.365265 sending message 112 to peer 0x158048000 (12 bytes)
1741906230.365269 sending message 112 to peer 0x158048000 (9 bytes)
1741906230.365273 sending message 112 to peer 0x158048000 (12 bytes)
1741906230.365277 sending message 112 to peer 0x158048000 (13 bytes)
1741906230.365281 sending message 112 to peer 0x158048000 (13 bytes)
1741906230.365285 sending message 112 to peer 0x158048000 (13 bytes)
1741906230.365289 sending message 112 to peer 0x158048000 (13 bytes)
1741906230.365293 sending message 112 to peer 0x158048000 (13 bytes)
1741906230.365297 sending message 112 to peer 0x158048000 (8 bytes)
1741906230.365301 sending message 112 to peer 0x158048000 (11 bytes)
1741906230.365305 sending message 112 to peer 0x158048000 (11 bytes)
1741906230.365309 sending message 112 to peer 0x158048000 (11 bytes)
1741906230.365313 sending message 112 to peer 0x158048000 (12 bytes)
1741906230.365317 sending message 112 to peer 0x158048000 (12 bytes)
1741906230.365321 sending message 112 to peer 0x158048000 (12 bytes)
1741906230.365325 sending message 112 to peer 0x158048000 (12 bytes)
1741906230.365329 sending message 112 to peer 0x158048000 (13 bytes)
1741906230.365333 sending message 112 to peer 0x158048000 (13 bytes)
1741906230.365337 sending message 112 to peer 0x158048000 (13 bytes)
1741906230.365341 sending message 112 to peer 0x158048000 (8 bytes)
1741906230.365345 sending message 112 to peer 0x158048000 (13 bytes)
1741906230.365349 sending message 112 to peer 0x158048000 (13 bytes)
1741906230.365353 sending message 112 to peer 0x158048000 (13 bytes)
1741906230.365357 sending message 112 to peer 0x158048000 (13 bytes)
1741906230.365361 sending message 112 to peer 0x158048000 (13 bytes)
1741906230.365365 sending message 112 to peer 0x158048000 (12 bytes)
1741906230.365369 sending message 112 to peer 0x158048000 (12 bytes)
1741906230.365419 sending message 112 to peer 0x158048000 (12 bytes)
1741906230.365423 sending message 112 to peer 0x158048000 (12 bytes)
1741906230.365427 sending message 112 to peer 0x158048000 (13 bytes)
1741906230.365431 sending message 112 to peer 0x158048000 (8 bytes)
1741906230.365435 sending message 112 to peer 0x158048000 (13 bytes)
1741906230.365440 sending message 112 to peer 0x158048000 (13 bytes)
1741906230.365443 sending message 112 to peer 0x158048000 (13 bytes)
1741906230.365447 sending message 112 to peer 0x158048000 (13 bytes)
1741906230.365451 sending message 112 to peer 0x158048000 (13 bytes)
1741906230.365455 sending message 112 to peer 0x158048000 (13 bytes)
1741906230.365459 sending message 112 to peer 0x158048000 (13 bytes)
1741906230.365463 sending message 112 to peer 0x158048000 (12 bytes)
1741906230.365467 sending message 112 to peer 0x158048000 (12 bytes)
1741906230.365471 sending message 112 to peer 0x158048000 (12 bytes)
1741906230.365476 sending message 112 to peer 0x158048000 (8 bytes)
1741906230.365480 sending message 112 to peer 0x158048000 (12 bytes)
1741906230.365483 sending message 112 to peer 0x158048000 (13 bytes)
1741906230.365488 sending message 112 to peer 0x158048000 (13 bytes)
1741906230.365492 sending message 112 to peer 0x158048000 (13 bytes)
1741906230.365496 sending message 112 to peer 0x158048000 (13 bytes)
1741906230.365500 sending message 112 to peer 0x158048000 (13 bytes)
1741906230.365512 sending message 112 to peer 0x158048000 (13 bytes)
1741906230.365516 sending message 112 to peer 0x158048000 (13 bytes)
1741906230.365521 sending message 112 to peer 0x158048000 (13 bytes)
1741906230.365525 sending message 112 to peer 0x158048000 (12 bytes)
1741906230.365530 sending message 112 to peer 0x158048000 (10 bytes)
1741906230.365534 sending message 112 to peer 0x158048000 (12 bytes)
1741906230.365538 sending message 112 to peer 0x158048000 (12 bytes)
1741906230.365542 sending message 112 to peer 0x158048000 (12 bytes)
1741906230.365546 sending message 112 to peer 0x158048000 (13 bytes)
1741906230.365550 sending message 112 to peer 0x158048000 (13 bytes)
1741906230.365554 sending message 112 to peer 0x158048000 (13 bytes)
1741906230.365558 sending message 112 to peer 0x158048000 (13 bytes)
1741906230.365562 sending message 112 to peer 0x158048000 (13 bytes)
1741906230.365566 sending message 112 to peer 0x158048000 (13 bytes)
1741906230.365570 sending message 112 to peer 0x158048000 (13 bytes)
1741906230.365574 sending message 112 to peer 0x158048000 (10 bytes)
1741906230.365578 sending message 112 to peer 0x158048000 (13 bytes)
1741906230.365583 sending message 112 to peer 0x158048000 (12 bytes)
1741906230.365587 sending message 112 to peer 0x158048000 (12 bytes)
1741906230.365591 sending message 112 to peer 0x158048000 (12 bytes)
1741906230.365595 sending message 112 to peer 0x158048000 (10 bytes)
1741906230.365599 sending message 112 to peer 0x158048000 (10 bytes)
1741906230.365603 sending message 112 to peer 0x158048000 (10 bytes)
1741906230.365607 sending message 112 to peer 0x158048000 (12 bytes)
1741906230.365611 sending message 112 to peer 0x158048000 (13 bytes)
1741906230.365616 sending message 112 to peer 0x158048000 (13 bytes)
1741906230.365620 sending message 112 to peer 0x158048000 (13 bytes)
1741906230.365624 sending message 112 to peer 0x158048000 (13 bytes)
1741906230.365628 sending message 112 to peer 0x158048000 (13 bytes)
1741906230.365632 sending message 112 to peer 0x158048000 (10 bytes)
1741906230.365636 sending message 112 to peer 0x158048000 (11 bytes)
1741906230.365640 sending message 112 to peer 0x158048000 (12 bytes)
1741906230.365644 sending message 112 to peer 0x158048000 (12 bytes)
1741906230.365648 sending message 112 to peer 0x158048000 (12 bytes)
1741906230.365652 sending message 112 to peer 0x158048000 (12 bytes)
1741906230.365657 sending message 112 to peer 0x158048000 (12 bytes)
1741906230.365661 sending message 112 to peer 0x158048000 (11 bytes)
1741906230.365665 sending message 112 to peer 0x158048000 (12 bytes)
1741906230.365669 sending message 112 to peer 0x158048000 (12 bytes)
1741906230.365673 sending message 112 to peer 0x158048000 (13 bytes)
1741906230.365677 sending message 112 to peer 0x158048000 (13 bytes)
1741906230.365681 sending message 112 to peer 0x158048000 (13 bytes)
1741906230.365685 sending message 112 to peer 0x158048000 (13 bytes)
1741906230.365689 sending message 112 to peer 0x158048000 (13 bytes)
1741906230.365693 sending message 112 to peer 0x158048000 (10 bytes)
1741906230.365697 sending message 112 to peer 0x158048000 (9 bytes)
1741906230.365701 sending message 112 to peer 0x158048000 (12 bytes)
1741906230.365705 sending message 112 to peer 0x158048000 (13 bytes)
1741906230.365709 sending message 112 to peer 0x158048000 (13 bytes)
1741906230.365713 sending message 112 to peer 0x158048000 (13 bytes)
1741906230.365717 sending message 112 to peer 0x158048000 (13 bytes)
1741906230.365721 sending message 112 to peer 0x158048000 (13 bytes)
1741906230.365726 sending message 112 to peer 0x158048000 (9 bytes)
1741906230.365730 sending message 112 to peer 0x158048000 (12 bytes)
1741906230.365734 sending message 112 to peer 0x158048000 (13 bytes)
1741906230.365738 sending message 112 to peer 0x158048000 (13 bytes)
1741906230.365742 sending message 112 to peer 0x158048000 (13 bytes)
1741906230.365746 sending message 112 to peer 0x158048000 (13 bytes)
1741906230.365750 sending message 112 to peer 0x158048000 (13 bytes)
1741906230.365760 sending message 112 to peer 0x158048000 (11 bytes)
1741906230.365764 sending message 112 to peer 0x158048000 (12 bytes)
1741906230.365768 sending message 112 to peer 0x158048000 (13 bytes)
1741906230.365772 sending message 112 to peer 0x158048000 (13 bytes)
1741906230.365776 sending message 112 to peer 0x158048000 (13 bytes)
1741906230.365780 sending message 112 to peer 0x158048000 (13 bytes)
1741906230.365784 sending message 112 to peer 0x158048000 (13 bytes)
1741906230.365788 sending message 112 to peer 0x158048000 (11 bytes)
1741906230.365792 sending message 112 to peer 0x158048000 (12 bytes)
1741906230.365796 sending message 112 to peer 0x158048000 (12 bytes)
1741906230.365800 sending message 112 to peer 0x158048000 (12 bytes)
1741906230.365804 sending message 112 to peer 0x158048000 (12 bytes)
1741906230.365808 sending message 112 to peer 0x158048000 (12 bytes)
1741906230.365812 sending message 112 to peer 0x158048000 (21 bytes)
1741906230.365816 sending message 112 to peer 0x158048000 (12 bytes)
1741906230.365820 sending message 112 to peer 0x158048000 (9 bytes)
1741906230.365824 sending message 112 to peer 0x158048000 (6 bytes)
1741906230.365828 sending message 112 to peer 0x158048000 (13 bytes)
1741906230.365832 sending message 112 to peer 0x158048000 (10 bytes)
1741906230.365836 sending message 112 to peer 0x158048000 (24 bytes)
1741906230.365840 sending message 112 to peer 0x158048000 (13 bytes)
1741906230.365844 sending message 112 to peer 0x158048000 (9 bytes)
1741906230.365848 sending message 112 to peer 0x158048000 (70 bytes)
1741906230.365852 sending message 112 to peer 0x158048000 (69 bytes)
1741906230.365856 sending message 112 to peer 0x158048000 (12 bytes)
1741906230.365860 sending message 112 to peer 0x158048000 (10 bytes)
1741906230.365864 sending message 112 to peer 0x158048000 (10 bytes)
1741906230.365868 sending message 112 to peer 0x158048000 (24 bytes)
1741906230.365872 sending message 112 to peer 0x158048000 (13 bytes)
1741906230.365876 sending message 112 to peer 0x158048000 (10 bytes)
1741906230.365880 sending message 112 to peer 0x158048000 (10 bytes)
1741906230.365884 sending message 112 to peer 0x158048000 (10 bytes)
1741906230.365888 sending message 112 to peer 0x158048000 (13 bytes)
1741906230.365892 sending message 112 to peer 0x158048000 (15 bytes)
1741906230.365896 sending message 112 to peer 0x158048000 (5 bytes)
1741906230.365902 sending message 104 to peer 0x158048000 (0 bytes)
1741906230.365906 sending message 110 to peer 0x158048000 (0 bytes)
1741906230.365911 sending message 107 to peer 0x158048000 (4 bytes)
1741906230.365915 sending message 105 to peer 0x158048000 (83 bytes)
1741906230.365919 sending message 105 to peer 0x158048000 (87 bytes)
1741906230.365923 sending message 105 to peer 0x158048000 (31 bytes)
1741906230.365927 sending message 105 to peer 0x158048000 (20 bytes)
1741906230.365931 sending message 105 to peer 0x158048000 (22 bytes)
1741906230.365935 sending message 105 to peer 0x158048000 (20 bytes)
1741906230.365939 sending message 105 to peer 0x158048000 (15 bytes)
1741906230.365943 sending message 105 to peer 0x158048000 (16 bytes)
1741906230.365948 sending message 105 to peer 0x158048000 (1095 bytes)
1741906230.365952 sending message 105 to peer 0x158048000 (15 bytes)
1741906230.365956 sending message 105 to peer 0x158048000 (66 bytes)
1741906230.365960 sending message 105 to peer 0x158048000 (20 bytes)
1741906230.365964 sending message 105 to peer 0x158048000 (57 bytes)
1741906230.365968 sending message 105 to peer 0x158048000 (13 bytes)
1741906230.365972 sending message 105 to peer 0x158048000 (20 bytes)
1741906230.365976 sending message 105 to peer 0x158048000 (14 bytes)
1741906230.365980 sending message 105 to peer 0x158048000 (19 bytes)
1741906230.365984 sending message 105 to peer 0x158048000 (35 bytes)
1741906230.365988 sending message 105 to peer 0x158048000 (33 bytes)
1741906230.365992 sending message 105 to peer 0x158048000 (8 bytes)
1741906230.365996 sending message 105 to peer 0x158048000 (32 bytes)
1741906230.366012 sending message 105 to peer 0x158048000 (22 bytes)
1741906230.366016 sending message 105 to peer 0x158048000 (30 bytes)
1741906230.366020 sending message 105 to peer 0x158048000 (37 bytes)
1741906230.366024 sending message 105 to peer 0x158048000 (34 bytes)
1741906230.366029 sending message 105 to peer 0x158048000 (35 bytes)
1741906230.366033 sending message 105 to peer 0x158048000 (30 bytes)
1741906230.366037 sending message 105 to peer 0x158048000 (12 bytes)
1741906230.366041 sending message 105 to peer 0x158048000 (11 bytes)
1741906230.366045 sending message 105 to peer 0x158048000 (8 bytes)
1741906230.366049 sending message 105 to peer 0x158048000 (32 bytes)
1741906230.366053 sending message 105 to peer 0x158048000 (96 bytes)
1741906230.366057 sending message 105 to peer 0x158048000 (25 bytes)
1741906230.366064 sending message 105 to peer 0x158048000 (16 bytes)
1741906230.366069 sending message 105 to peer 0x158048000 (25 bytes)
1741906230.366073 sending message 106 to peer 0x158048000 (0 bytes)
1741906230.366144 sending message 200 to peer 0x158048000 (4 bytes)
1741906230.366149 client loop enter
1741906230.382889 peer 0x158048000 message 207
1741906230.382914 sending message 208 to peer 0x158048000 (0 bytes)
1741906269.072435 peer 0x158048000 message 201
1741906269.072470 sending message 205 to peer 0x158048000 (0 bytes)
1741906269.073653 peer 0x158048000 message 204
1741906269.073668 client loop exit
